=== 自动 Git 推送脚本 ===
目标目录: /home/github

检测到以下改动：
?? auto_push.log
?? auto_push.sh

正在添加文件...
正在提交...
[master 0a16547] 自动提交 - 2026-08-19 22:30:01
 2 files changed, 68 insertions(+)
 create mode 100644 auto_push.log
 create mode 100755 auto_push.sh
正在推送到远程仓库...
To github.com:Gabxb/GitHub-Dev.git
   f43e0b6..0a16547  master -> master

✅ 推送成功！
提交信息：自动提交 - 2026-08-19 22:30:01
=== 自动 Git 推送脚本 ===
目标目录: /home/github

检测到以下改动：
 M auto_push.log

正在添加文件...
正在提交...
[master f503a1e] 自动提交 - 2026-08-19 23:00:01
 1 file changed, 18 insertions(+)
正在推送到远程仓库...
To github.com:Gabxb/GitHub-Dev.git
   0a16547..f503a1e  master -> master

✅ 推送成功！
提交信息：自动提交 - 2026-08-19 23:00:01
=== 自动 Git 推送脚本 ===
目标目录: /home/github

检测到以下改动：
 M auto_push.log

正在添加文件...
